========================================================
  Formal V2 - E8 Micro-Benchmark Wait-Point Driver v5
========================================================
DB Path:        /home/wam/grad/s14-range-delete-study/run-db/e8_flamegraph/fg_t0-mem_scan_intersect_rep3_1787551992/db
Trace Dir:      /home/wam/grad/s14-range-delete-study/traces/formal_v2/e8_scan_intersect
Wait Dir:       /home/wam/grad/s14-range-delete-study/run-db/e8_flamegraph/fg_t0-mem_scan_intersect_rep3_1787551992/wait
Window Sec:     45s
Case Name:      t0-mem_scan_intersect
Threshold:      0
DisableAutoComp:false
========================================================
[DRIVER] Preloading 500000 keys...
[DRIVER] Preload flushed. Recording LSM state:
  - Level 0 files: 3
  - Total SST size: 137012807 bytes
[DRIVER] Injecting RangeDeletes from Phase B traces...
[DRIVER] Injected 20000 DeleteRanges into active MemTable.
[DRIVER] Loaded 5000 micro-trace records.
[DRIVER] Starting 10s warmup...
[DRIVER] Warmup completed.
[COORDINATOR] Worker ready. Process PID=2043786, Foreground Worker TID=2043864
[COORDINATOR] PROFILE_READY.json written. Waiting for PROFILE_START (timeout 120s)...
[COORDINATOR] PROFILE_START detected! Waking worker thread into 45s window...
[COORDINATOR] Worker finished 45s loop and entered Wait-Point 2 kernel sleep:
  - Elapsed Wall: 45.000013 s
  - Worker CPU:   44.996070 s
  - Completed Ops:2910355
  - True IOPS:    64674.537063 ops/sec
[COORDINATOR] Worker thread joined cleanly.
[DRIVER] Running Full-DB Key-Value Reconciliation on Coordinator...
[DRIVER RECONCILIATION] Total Visible Keys: 300000 (Expected: 300000)
  - DB SHA-256:       398b2acc08a8e9de563cf241c0115811dd8fed32e2f02c88bab26aa360329159
  - Model SHA-256:    398b2acc08a8e9de563cf241c0115811dd8fed32e2f02c88bab26aa360329159
[DRIVER RECONCILIATION] State Reconciliation PASSED (Keys & SHA-256 100% matched).
[DRIVER SUCCESS] E8 run completed successfully with full state verification.
